[2J[H
[1;36mллллллллллллллллллллллллллллллллллллллллллллллллллллллллллллллллллллллллллллллл[0m
[1;36;44mппппппппппппппппппппппппппппппппппппппппппппппппппппппппппппппппппппппппппппппп[0m
[44m                [1;37;44m  ЩЭЭЭЭЭЭЭЭЭЭЛ [1;97;44mOxideBBS Main Menu[1;37;44m ШЭЭЭЭЭЭЭЭЭЭМ  [44m               [0m
[36;44mммммммммммммммммммммммммммммммммммммммммммммммммммммммммммммммммммммммммммммммм[0m
[0;33mЩЭЭЭЭЭЭЭЭЭЭЭЭЭЭЭЭЭЭЭЭЭЭЭЭЭЭЭЭЭЭЭЭЭЭЭЭЭЭЭЭЭЭЭЭЭЭЭЭЭЭЭЭЭЭЭЭЭЭЭЭЭЭЭЭЭЭЭЭЭЭЭЭЭЭЭЭЭЛ[0m
[0;33mК                                                                             К[0m
[0;33mК   [1;32mкФФФФФФФФФФФФФФФФФФФФФФФФФФФФФФФФФП                                       [0;33mК[0m
[0;33mК   [1;32mГ  [1;97;44m[[1;32mD[1;97;44m][0;37m [1;37mDoors[0;2m  [0;37mEnter the door game area[1;32mГ                                   [0;33mК[0m
[0;33mК   [1;32mГ  [1;97;44m[[1;32mM[1;97;44m][0;37m [1;37mMessages[0;2m  [0;37mRead and write messages[1;32mГ                                 [0;33mК[0m
[0;33mК   [1;32mГ  [1;97;44m[[1;32mF[1;97;44m][0;37m [1;37mFiles[0;2m  [0;37mBrowse the file areas [1;32mГ                                     [0;33mК[0m
[0;33mК   [1;32mГ  [1;97;44m[[1;32mG[1;97;44m][0;37m [1;37mGoodbye[0;2m  [0;37mDisconnect from this BBS[1;32mГ                                 [0;33mК[0m
[0;33mК   [1;32mРФФФФФФФФФФФФФФФФФФФФФФФФФФФФФФФФФй                                       [0;33mК[0m
[0;33mК                                                                             К[0m
[0;33mК   [1;32mкФФФФФФФФФФФФФФФФФФФФФФП  [1;35mкФФФФФФФФФФФФФФФФФФФФФФП [1;33mкФФФФФФФФФФФФФФФФФФФФФФП[0;33m[0m
[0;33mК   [1;32mГ[1;97m Node Status         [1;32mГ  [1;35mГ[1;97m Time Remaining      [1;35mГ  [1;33mГ[1;97m System Stats        [1;33mГ [0;33mК[0m
[0;33mК   [1;32mГ[0;37m Node: 001 / 004     [1;32mГ  [1;35mГ[0;37m 60 min remaining    [1;35mГ  [1;33mГ[0;37m Calls Today: 0      [1;33mГ [0;33mК[0m
[0;33mК   [1;32mГ[0;37m ANSI: Enabled        [1;32mГ  [1;35mГ[0;37m No time limit set    [1;35mГ  [1;33mГ[0;37m Total Users: 1      [1;33mГ[0;33m[0m
[0;33mК   [1;32mРФФФФФФФФФФФФФФФФФФФФФФй  [1;35mРФФФФФФФФФФФФФФФФФФФФФФй [1;33mРФФФФФФФФФФФФФФФФФФФФФФй[0;33m[0m
[0;33mК                                                                             К[0m
[0;33mШЭЭЭЭЭЭЭЭЭЭЭЭЭЭЭЭЭЭЭЭЭЭЭЭЭЭЭЭЭЭЭЭЭЭЭЭЭЭЭЭЭЭЭЭЭЭЭЭЭЭЭЭЭЭЭЭЭЭЭЭЭЭЭЭЭЭЭЭЭЭЭЭЭЭЭЭЭМ[0m
[1;37;44m OxideBBS v1.2 [44m                                                                [0m
[1;34mллллллллллллллллллллллллллллллллллллллллллллллллллллллллллллллллллллллллллллллл[0m

[1;32mCommand? [0m
