[2J[H
[1;36m████████████████████████████████████████[0m
[44m[1;37;44m ╔═════╗ [1;97;44mOxideBBS Main[1;37;44m ╚═════╝ [0m
[36;44m▄▄▄▄▄▄▄▄▄▄▄▄▄▄▄▄▄▄▄▄▄▄▄▄▄▄▄▄▄▄▄▄▄▄▄▄▄▄▄▄[0m
[1;36m┌──────────────────────────────────────┐[0m
[1;36m│               [1;97;44m[[1;32mD[1;97;44m][0;37m [1;37mDoors              │[0m
[1;36m│              [1;97;44m[[1;32mM[1;97;44m][0;37m [1;37mMessages            │[0m
[1;36m│               [1;97;44m[[1;32mF[1;97;44m][0;37m [1;37mFiles              │[0m
[1;36m│              [1;97;44m[[1;32mG[1;97;44m][0;37m [1;37mGoodbye             │[0m
[1;36m└──────────────────────────────────────┘[0m

[1;36m╚══════════════════════════════════════╝[0m
[1;37;44m v1.2 [44m                                  [0m

[1;32mCommand? [0m
