[1;36m                         LOGIN[0m
[1;33mษออออออออออออออออออออออออออออออออออออออออออออออออออออออออออออออออออออออออออป[0m
[1;33mบ[0;37m [L] Logon          [N] New User          [G] Goodbye                    [1;33m บ[0m
[1;33mบ[0;37m                                                                         [1;33m บ[0m
[1;33mบ[0;37m Choose an option or enter a command at the prompt.                      [1;33m บ[0m
[1;33mศออออออออออออออออออออออออออออออออออออออออออออออออออออออออออออออออออออออออออผ[0m
[1;37;44m OxideBBS v1.2 [0m
