[1;36m████████████████████████████████████████████████████████████████████████████████[0m
[1;36;44m▀▀▀▀▀▀▀▀▀▀▀▀▀▀▀▀▀▀▀▀▀▀▀▀▀▀▀▀▀▀▀▀▀▀▀▀▀▀▀▀▀▀▀▀▀▀▀▀▀▀▀▀▀▀▀▀▀▀▀▀▀▀▀▀▀▀▀▀▀▀▀▀▀▀▀▀▀▀▀▀[0m
[44m                           [1;37;44m  ╔═════╗ [1;97;44mLOGIN[1;37;44m ╚═════╝  [44m                            [0m
[36;44m▄▄▄▄▄▄▄▄▄▄▄▄▄▄▄▄▄▄▄▄▄▄▄▄▄▄▄▄▄▄▄▄▄▄▄▄▄▄▄▄▄▄▄▄▄▄▄▄▄▄▄▄▄▄▄▄▄▄▄▄▄▄▄▄▄▄▄▄▄▄▄▄▄▄▄▄▄▄▄▄[0m
[0;33m╔══════════════════════════════════════════════════════════════════════════════╗[0m
[0;33m║                                                                              ║[0m
[0;33m║              [1;32m  [[1;97;44mL[1;32m][0;37m Logon       [1;32m[[1;97;44mN[1;32m][0;37m New User       [1;32m[[1;97;44mG[1;32m][0;37m Goodbye                ║[0m
[0;33m║                                                                              ║[0m
[0;33m║                                                                              ║[0m
[0;33m╚══════════════════════════════════════════════════════════════════════════════╝[0m
[1;37;44m OxideBBS v1.2 [44m                                                                [0m
[1;34m████████████████████████████████████████████████████████████████████████████████[0m
