[1;36mÛÛÛÛÛÛÛÛÛÛÛÛÛÛÛÛÛÛÛÛÛÛÛÛÛÛÛÛÛÛÛÛÛÛÛÛÛÛÛ[0m
[44m[1;37;44m  ษออออป [1;97;44mLOGIN[1;37;44m ศออออผ  [0m
[36;44mÜÜÜÜÜÜÜÜÜÜÜÜÜÜÜÜÜÜÜÜÜÜÜÜÜÜÜÜÜÜÜÜÜÜÜÜÜÜÜ[0m
[0;33mษอออออออออออออออออออออออออออออออออออออป[0m
[0;33mบ                                     บ[0m
[0;33mบ               [1;32m[[1;97;44mL[1;32m][0;37m [1;37mLogon             บ[0m
[0;33mบ              [1;32m[[1;97;44mN[1;32m][0;37m [1;37mNew User           บ[0m
[0;33mบ              [1;32m[[1;97;44mG[1;32m][0;37m [1;37mGoodbye            บ[0m
[0;33mบ                                     บ[0m
[0;33mศอออออออออออออออออออออออออออออออออออออผ[0m
[1;37;44m OxideBBS v1.2 [44m                        [0m
[1;36mÛÛÛÛÛÛÛÛÛÛÛÛÛÛÛÛÛÛÛÛÛÛÛÛÛÛÛÛÛÛÛÛÛÛÛÛÛÛÛ[0m
