[2J[H





[1;36mлллллллллллллллллллллллллллллллллллллллллллллллллллллллллллллллллллллллллллллллл[0m
[1;36;44mпппппппппппппппппппппппппппппппппппппппппппппппппппппппппппппппппппппппппппппппп[0m
[44m                   [1;37;44mЩЭЭЭЭЭЭЭЭЛ [1;97;44mThank you for calling [1;96;44mOxideBBS[1;37;44m ШЭЭЭЭЭЭЭЭМ   [44m                [0m
[44m                                                                                [0m
[44m                 [1;33;44m      Built for Sysops. Driven by Code.      [44m                  [0m
[44m                                                                                [0m
[36;44mмммммммммммммммммммммммммммммммммммммммммммммммммммммммммммммммммммммммммммммммм[0m
[1;36mлллллллллллллллллллллллллллллллллллллллллллллллллллллллллллллллллллллллллллллллл[0m










[1;34mлллллллллллллллллллллллллллллллллллллллллллллллллллллллллллллллллллллллллллллллл[0m
