[2J[H[0;33mษออออออออออออออออออออออออออออออออออออออออออออออออออออออออออออออออออออออออออออออป[0m
[0;33mบ[1;32m                         O X I D E B B S   v0.1                              [0;33mบ[0m
[0;33mฬออออออออออออออออออออออออออออออออออออออออออออออออออออออออออออออออออออออออออออออน[0m
[0;33mบ[0;37m                                                                             [0;33mบ[0m
[0;33mบ[1;33m      ÜÛÛÛÛÜ  ฿Ü   Ü฿  ÜÜÜ  ÜÛÛÛÛÜ   ÜÛÛÛÛÜ                                  [0;33mบ[0m
[0;33mบ[0;33m     ÛÛ    ÛÛ   ฿Ü฿   Û   Û ÛÛ   ÛÛ ÛÛ    ฿                                  [0;33mบ[0m
[0;33mบ[0;33m     ÛÛ    ÛÛ   Ü฿Ü   Û   Û ÛÛ   ÛÛ ÛÛ฿฿                                     [0;33mบ[0m
[0;33mบ[1;33m      ฿ÛÛÛÛ฿  Ü฿   ฿Ü ฿ÜÜÜ฿ ฿ÛÛÛÛ฿   ฿ÛÛÛÛ฿                                  [0;33mบ[0m
[0;33mบ[0;37m                                                                             [0;33mบ[0m
[0;33mบ[0;31m       [1;33mฐฑฒÛÛÛÛÛÛÛÛÛÛÛÛÛÛÛÛÛÛÛÛÛÛÛÛÛÛÛÛÛÛÛÛÛÛÛÛÛÛÛÛÛÛÛÛÛÛÛÛÛÛÛÛฒฑฐ      [0;31m      [0;33mบ[0m
[0;33mบ[0;31m       [1;33mฐฑฒ  ANSI / CP437  ?  TELNET  ?  DOORS  ?  DECENTDB     ฒฑฐ     [0;31m      [0;33mบ[0m
[0;33mบ[0;31m       [1;33mฐฑฒÛÛÛÛÛÛÛÛÛÛÛÛÛÛÛÛÛÛÛÛÛÛÛÛÛÛÛÛÛÛÛÛÛÛÛÛÛÛÛÛÛÛÛÛÛÛÛÛÛÛÛÛฒฑฐ      [0;31m      [0;33mบ[0m
[0;33mบ[0;37m                                                                             [0;33mบ[0m
[0;33mบ[1;30m        ฺฤฤฤฤฤฤฤฤฤฤฤฤฤฤฟ       ฺฤฤฤฤฤฤฤฤฤฤฤฤฤฤฟ       ฺฤฤฤฤฤฤฤฤฤฤฤฤฤฤฟ       [0;33mบ[0m
[0;33mบ[1;30m        ณ  >_ [1;32mTELNET[1;30m   ณฤฤฤฤฤฤ?ณ  [1;32mNODE  001[1;30m   ณฤฤ[0;33mบ[0m
[0;33mบ[1;30m        ภฤฤฤฤฤฤฤฤฤฤฤฤฤฤู       ภฤฤฤฤฤฤฤฤฤฤฤฤฤฤู       ภฤฤฤฤฤฤฤฤฤฤฤฤฤฤู       [0;33mบ[0m
[0;33mบ[1;30m                                                                             [0;33mบ[0m
[0;33mบ[1;30m        ฺฤฤฤฤฤฤฤฤฤฤฤฤฤฤฟ       ฺฤฤฤฤฤฤฤฤฤฤฤฤฤฤฟ       ฺฤฤฤฤฤฤฤฤฤฤฤฤฤฤฟ       [0;33mบ[0m
[0;33mบ[1;30m        ณ  [1;32mECHOMAIL[1;30m    ณ?ฤฤฤฤฤ?ณ  [1;32mDECENTDB[1;30m    ณ?ฤ[0;33mบ[0m
[0;33mบ[1;30m        ภฤฤฤฤฤฤฤฤฤฤฤฤฤฤู       ภฤฤฤฤฤฤฤฤฤฤฤฤฤฤู       ภฤฤฤฤฤฤฤฤฤฤฤฤฤฤู       [0;33mบ[0m
[0;33mบ[0;37m                                                                             [0;33mบ[0m
[0;33mฬออออออออออออออออออออออออออออออออออออออออออออออออออออออออออออออออออออออออออออออน[0m
[0;33mบ[1;32m   [L] Logon    [N] New User    [G] Goodbye    [D] Doors    [M] Messages[0;33m[79Gบ[0m
[0;33mบ[1;32m   User: GUEST                      Node: 1 of 4                 ANSI Ready  [0;33mบ[0m
[0;33mศออออออออออออออออออออออออออออออออออออออออออออออออออออออออออออออออออออออออออออออผ[0m[0m
