[2J[H[1;34mษออออออออออออออออออออออออออออออออออออออออออออออออออออออออออออออออออออออออออออป[0m
[1;34mบ[0m           [1;33m-=-  O X I D E B B S  -=-  ANSI / CP437 / TELNET  -=-[0m            [1;34mบ[0m
[1;34mบ[0m                                                                            [1;34mบ[0m
[1;34mบ[0m              [1;36m ÛÛÛ  Û   Û ÛÛÛÛÛ ÛÛÛÛ  ÛÛÛÛÛ ÛÛÛÛ  ÛÛÛÛ   ÛÛÛÛ               [1;34mบ[0m
[1;34mบ[0m              [1;96mÛ   Û  Û Û    Û   Û   Û Û     Û   Û Û   Û Û                   [1;34mบ[0m
[1;34mบ[0m              [1;37mÛ   Û   Û     Û   Û   Û ÛÛÛÛ  ÛÛÛÛ  ÛÛÛÛ   ÛÛÛ                [1;34mบ[0m
[1;34mบ[0m              [1;96mÛ   Û  Û Û    Û   Û   Û Û     Û   Û Û   Û     Û               [1;34mบ[0m
[1;34mบ[0m              [1;36m ÛÛÛ  Û   Û ÛÛÛÛÛ ÛÛÛÛ  ÛÛÛÛÛ ÛÛÛÛ  ÛÛÛÛ  ÛÛÛÛ                [1;34mบ[0m
[1;34mบ[0m                                                                            [1;34mบ[0m
[1;34mบ[0m   [0;36mdialing into [1;36mthe oxide layer[0;37m  //  [1;33mbuilt for sysops[0;37m  //  [1;32mdriven by code   [1;34mบ[0m
[1;34mฬออออออออออออออออออออออออออออออออออออออออออออออออออออออออออออออออออออออออออออน[0m
[1;34mบ[0m  [1;32m>_ TELNET[0;37m      multi-node caller lines[0m      [1;35m* DOORS[0;37m  drop files           [1;34mบ[0m
[1;34mบ[0m  [1;36mANSI/CP437[0;37m   [0;30mฐฐฐฐ[0;37mฑฑฑฑ[1;37mฒฒฒฒ[1;36mÛÛÛÛ[0;37m color + line art[0m       [1;33mDECENTDB             [1;34mบ[0m
[1;34mบ[0m  [0;37mnode 001[1;34m  [1;33mฑฤฑฤฑ[0;37m       [1;36mbbs engine online[0;37m       [1;33mฑฤฑฤฑ                       [1;34mบ[0m
[1;34mบ[0m                                                                            [1;34mบ[0m
[1;34mบ[0m  [1;37;44m NODE @NODE:03@ [0;37m  [1;37;42m ANSI READY [0;37m  [1;37;45m CP437 LOCKED [0;37m  [1;30;46m OXIDE OK              [1;34mบ[0m
[1;34mศออออออออออออออออออออออออออออออออออออออออออออออออออออออออออออออออออออออออออออผ[0m
[0m
