[2J[H
[1;36mллллллллллллллллллллллллллллллллллллллллллллллллллллллллллллллллллллллллллллллл[0m
[1;36;44mппппппппппппппппппппппппппппппппппппппппппппппппппппппппппппппппппппппппппппппп[0m
[44m                     [1;37;44m  ЩЭЭЭЭЭЭЭЭЛ [1;97;44mSystem News[1;37;44m ШЭЭЭЭЭЭЭЭМ  [44m                     [0m
[36;44mммммммммммммммммммммммммммммммммммммммммммммммммммммммммммммммммммммммммммммммм[0m
[0;33mЩЭЭЭЭЭЭЭЭЭЭЭЭЭЭЭЭЭЭЭЭЭЭЭЭЭЭЭЭЭЭЭЭЭЭЭЭЭЭЭЭЭЭЭЭЭЭЭЭЭЭЭЭЭЭЭЭЭЭЭЭЭЭЭЭЭЭЭЭЭЭЭЭЭЭЭЭЭЛ[0m
[0;33mК                                                                             К[0m
[0;33mК   [1;33mкФФФФФФФФФФФФФФФФФФФФФФФФФФФФФФФФФФФФФФФФФФФФФФФФФФФФФФФФФФФФФФФФФФФФФФФФП[0;33mК[0m
[0;33mК   [1;33mГ [1;97mў [1;33mOXIDEBBS SYSTEM NEWS                                                 [1;33mГ[0;33mК[0m
[0;33mК   [1;33mРФФФФФФФФФФФФФФФФФФФФФФФФФФФФФФФФФФФФФФФФФФФФФФФФФФФФФФФФФФФФФФФФФФФФФФФФй[0;33mК[0m
[0;33mК                                                                             К[0m
[0;33mК     [1;32mў [1;37mv1.2 Release  [0;37mTelnet connectivity with CP437/ANSI support is now live.К[0m
[0;33mК     [1;32mў [1;37mDoor Games  [0;37mDoor game support via DOSEMU is now available.            К[0m
[0;33mК     [1;32mў [1;37mMessages  [0;37mMessage areas are under active development.                 К[0m
[0;33mК     [1;32mў [1;37mDecentDB  [0;37mAll data is stored in DecentDB for reliability.             К[0m
[0;33mК     [1;32mў [1;37mSysop Tools  [0;37mAdmin interface and sysop tools are coming soon.         К[0m
[0;33mК                                                                             К[0m
[0;33mШЭЭЭЭЭЭЭЭЭЭЭЭЭЭЭЭЭЭЭЭЭЭЭЭЭЭЭЭЭЭЭЭЭЭЭЭЭЭЭЭЭЭЭЭЭЭЭЭЭЭЭЭЭЭЭЭЭЭЭЭЭЭЭЭЭЭЭЭЭЭЭЭЭЭЭЭЭМ[0m
[1;37;44m Press any key to continue [44m                                                    [0m
[1;36mллллллллллллллллллллллллллллллллллллллллллллллллллллллллллллллллллллллллллллллл[0m
