[2J[H
[1;36m████████████████████████████████████████████████████████████████████████████████[0m
[1;36;44m▀▀▀▀▀▀▀▀▀▀▀▀▀▀▀▀▀▀▀▀▀▀▀▀▀▀▀▀▀▀▀▀▀▀▀▀▀▀▀▀▀▀▀▀▀▀▀▀▀▀▀▀▀▀▀▀▀▀▀▀▀▀▀▀▀▀▀▀▀▀▀▀▀▀▀▀▀▀▀▀[0m
[44m               [1;37;44m  ╔══════════╗ [1;97;44mWelcome to OxideBBS[1;37;44m ╚══════════╝  [44m                [0m
[36;44m▄▄▄▄▄▄▄▄▄▄▄▄▄▄▄▄▄▄▄▄▄▄▄▄▄▄▄▄▄▄▄▄▄▄▄▄▄▄▄▄▄▄▄▄▄▄▄▄▄▄▄▄▄▄▄▄▄▄▄▄▄▄▄▄▄▄▄▄▄▄▄▄▄▄▄▄▄▄▄▄[0m
[0;33m╔══════════════════════════════════════════════════════════════════════════════╗[0m
[0;33m║                                                                              ║[0m
[0;33m║       [1;32m┌────────────────────────────────────────────────────────────────┐    [0;33m║[0m
[0;33m║       [1;32m│ [1;97mWelcome to OxideBBS!                                          [1;32m│    [0;33m║[0m
[0;33m║       [1;32m│ [0;37mThis BBS is powered by Rust, DecentDB, and ANSI/CP437.     [1;32m│    [0;33m║[0m
[0;33m║       [1;32m└────────────────────────────────────────────────────────────────┘    [0;33m║[0m
[0;33m║                                                                              ║[0m
[0;33m║   [1;32m┌───────────────────────┬──────────────────┐                                 [0;33m║[0m
[0;33m║   [1;32m│[1;97m Feature              [1;32m│[1;97m Status        [1;32m│                                 [0;33m║[0m
[0;33m║   [1;32m├───────────────────────┼──────────────────┤                                 [0;33m║[0m
[0;33m║   [1;32m│  [0;37mTelnet Access        [1;32m│  [1;32m ● Active         [1;32m│                                 [0;33m║[0m
[0;33m║   [1;32m│  [0;37mANSI / CP437         [1;32m│  [1;32m ● Ready          [1;32m│                                 [0;33m║[0m
[0;33m║   [1;32m│  [0;37mDoor Games           [1;32m│  [1;32m ● Available      [1;32m│                                 [0;33m║[0m
[0;33m║   [1;32m│  [0;37mMessage Areas        [1;32m│  [1;33m ● Coming Soon    [1;32m│                                 [0;33m║[0m
[0;33m║   [1;32m│  [0;37mFile Areas           [1;32m│  [1;33m ● Coming Soon    [1;32m│                                 [0;33m║[0m
[0;33m║   [1;32m└───────────────────────┴──────────────────┘                                 [0;33m║[0m
[0;33m║                                                                              ║[0m
[0;33m╚══════════════════════════════════════════════════════════════════════════════╝[0m
[1;37;44m Press any key to continue [44m                                                     [0m
[1;36m████████████████████████████████████████████████████████████████████████████████[0m
