[2J[H
[1;31m████████████████████████████████████████[0m
[41m[1;37;41m ╔════╗ [1;97;41mSysop[1;37;41m ╚════╝ [0m
[31;41m▄▄▄▄▄▄▄▄▄▄▄▄▄▄▄▄▄▄▄▄▄▄▄▄▄▄▄▄▄▄▄▄▄▄▄▄▄▄▄▄[0m
[1;31m┌──────────────────────────────────────┐[0m
[1;31m│               [1;97;41m[[1;33mN[1;97;41m][0;37m [1;37mNodes              │[0m
[1;31m│               [1;97;41m[[1;33mR[1;97;41m][0;37m [1;37mReturn             │[0m
[1;31m│              [1;97;41m[[1;33mG[1;97;41m][0;37m [1;37mGoodbye             │[0m
[1;31m└──────────────────────────────────────┘[0m

[1;33;41m ● Sysop access only ● [0m

[1;31m╚══════════════════════════════════════╝[0m

[1;33mSysop? [0m
