[2J[H
[1;31mллллллллллллллллллллллллллллллллллллллл[0m
[41m[1;37;41m ЩЭЭЭЭЛ [1;97;41mSysop[1;37;41m ШЭЭЭЭМ [0m
[31;41mммммммммммммммммммммммммммммммммммммммм[0m
[1;31mкФФФФФФФФФФФФФФФФФФФФФФФФФФФФФФФФФФФФФП[0m
[1;31mГ               [1;97;41m[[1;33mN[1;97;41m][0;37m [1;37mNodes             Г[0m
[1;31mГ               [1;97;41m[[1;33mR[1;97;41m][0;37m [1;37mReturn            Г[0m
[1;31mГ              [1;97;41m[[1;33mG[1;97;41m][0;37m [1;37mGoodbye            Г[0m
[1;31mРФФФФФФФФФФФФФФФФФФФФФФФФФФФФФФФФФФФФФй[0m

[1;33;41m ў Sysop access only ў [0m

[1;31mШЭЭЭЭЭЭЭЭЭЭЭЭЭЭЭЭЭЭЭЭЭЭЭЭЭЭЭЭЭЭЭЭЭЭЭЭЭМ[0m

[1;33mSysop? [0m
