[2J[H
[1;31mллллллллллллллллллллллллллллллллллллллллллллллллллллллллллллллллллллллллллллллл[0m
[31;41mппппппппппппппппппппппппппппппппппппппппппппппппппппппппппппппппппппппппппппппп[0m
[41m                      [1;37;41m  ЩЭЭЭЭЭЭЭЭЛ [1;97;41mSYSOP MENU[1;37;41m ШЭЭЭЭЭЭЭЭМ  [41m                     [0m
[31;41mммммммммммммммммммммммммммммммммммммммммммммммммммммммммммммммммммммммммммммммм[0m
[0;33mЩЭЭЭЭЭЭЭЭЭЭЭЭЭЭЭЭЭЭЭЭЭЭЭЭЭЭЭЭЭЭЭЭЭЭЭЭЭЭЭЭЭЭЭЭЭЭЭЭЭЭЭЭЭЭЭЭЭЭЭЭЭЭЭЭЭЭЭЭЭЭЭЭЭЭЭЭЭЛ[0m
[0;33mК                                                                             К[0m
[0;33mК   [1;31mкФФФФФФФФФФФФФФФФФФФФФФФФФФФФФФФФФП                                       [0;33mК[0m
[0;33mК   [1;31mГ  [1;97;41m[[1;33mN[1;97;41m][0;37m [1;37mNodes[0;2m  [0;37mView node status and activity[1;31mГ                              [0;33mК[0m
[0;33mК   [1;31mГ  [1;97;41m[[1;33mR[1;97;41m][0;37m [1;37mReturn[0;2m  [0;37mGo back to the main menu[1;31mГ                                  [0;33mК[0m
[0;33mК   [1;31mГ  [1;97;41m[[1;33mG[1;97;41m][0;37m [1;37mGoodbye[0;2m  [0;37mDisconnect from this BBS[1;31mГ                                 [0;33mК[0m
[0;33mК   [1;31mРФФФФФФФФФФФФФФФФФФФФФФФФФФФФФФФФФй                                       [0;33mК[0m
[0;33mК                                                                             К[0m
[0;33mК                       [1;33;41m ў CAUTION: Sysop access only ў                       К[0m
[0;33mК                                                                             К[0m
[0;33mШЭЭЭЭЭЭЭЭЭЭЭЭЭЭЭЭЭЭЭЭЭЭЭЭЭЭЭЭЭЭЭЭЭЭЭЭЭЭЭЭЭЭЭЭЭЭЭЭЭЭЭЭЭЭЭЭЭЭЭЭЭЭЭЭЭЭЭЭЭЭЭЭЭЭЭЭЭМ[0m
[1;37;41m OxideBBS Sysop [41m                                                               [0m
[1;31mллллллллллллллллллллллллллллллллллллллллллллллллллллллллллллллллллллллллллллллл[0m

[1;33mSysop command? [0m
