[2J[H
[1;31m████████████████████████████████████████████████████████████████████████████████[0m
[31;41m▀▀▀▀▀▀▀▀▀▀▀▀▀▀▀▀▀▀▀▀▀▀▀▀▀▀▀▀▀▀▀▀▀▀▀▀▀▀▀▀▀▀▀▀▀▀▀▀▀▀▀▀▀▀▀▀▀▀▀▀▀▀▀▀▀▀▀▀▀▀▀▀▀▀▀▀▀▀▀▀[0m
[41m                      [1;37;41m  ╔════════╗ [1;97;41mSYSOP MENU[1;37;41m ╚════════╝  [41m                      [0m
[31;41m▄▄▄▄▄▄▄▄▄▄▄▄▄▄▄▄▄▄▄▄▄▄▄▄▄▄▄▄▄▄▄▄▄▄▄▄▄▄▄▄▄▄▄▄▄▄▄▄▄▄▄▄▄▄▄▄▄▄▄▄▄▄▄▄▄▄▄▄▄▄▄▄▄▄▄▄▄▄▄▄[0m
[0;33m╔══════════════════════════════════════════════════════════════════════════════╗[0m
[0;33m║                                                                              ║[0m
[0;33m║   [1;31m┌─────────────────────────────────┐                                        [0;33m║[0m
[0;33m║   [1;31m│  [1;97;41m[[1;33mN[1;97;41m][0;37m [1;37mNodes[0;2m  [0;37mView node status and activity[1;31m│                                      [0;33m║[0m
[0;33m║   [1;31m│  [1;97;41m[[1;33mR[1;97;41m][0;37m [1;37mReturn[0;2m  [0;37mGo back to the main menu[1;31m│                                      [0;33m║[0m
[0;33m║   [1;31m│  [1;97;41m[[1;33mG[1;97;41m][0;37m [1;37mGoodbye[0;2m  [0;37mDisconnect from this BBS[1;31m│                                      [0;33m║[0m
[0;33m║   [1;31m└─────────────────────────────────┘                                        [0;33m║[0m
[0;33m║                                                                              ║[0m
[0;33m║                       [1;33;41m ● CAUTION: Sysop access only ●                        ║[0m
[0;33m║                                                                              ║[0m
[0;33m╚══════════════════════════════════════════════════════════════════════════════╝[0m
[1;37;41m OxideBBS Sysop [41m                                                                [0m
[1;31m████████████████████████████████████████████████████████████████████████████████[0m

[1;33mSysop command? [0m
